<html>
<body>
<pre>
<h1>µVision Build Log</h1>
<h2>Tool Versions:</h2>
IDE-Version: ¦ÌVision V5.18.0.0
Copyright (C) 2016 ARM Ltd and ARM Germany GmbH. All rights reserved.
License Information: xu 42128, shanghai, LIC=PE7BS-LLUGE-KNUAC-7CAPR-UQX6H-XT08E
 
Tool Versions:
Toolchain:       MDK-ARM Standard  Version: 5.18
Toolchain Path:  D:\caj\ARM\ARMCC\Bin
C Compiler:      Armcc.exe V5.06 update 1 (build 61)
Assembler:       Armasm.exe V5.06 update 1 (build 61)
Linker/Locator:  ArmLink.exe V5.06 update 1 (build 61)
Library Manager: ArmAr.exe V5.06 update 1 (build 61)
Hex Converter:   FromElf.exe V5.06 update 1 (build 61)
CPU DLL:         SARMCM3.DLL V5.18
Dialog DLL:      DCM.DLL V1.13.6.0
Target DLL:      STLink\ST-LINKIII-KEIL_SWO.dll V2.0.18.0
Dialog DLL:      TCM.DLL V1.14.8.0
 
<h2>Project:</h2>
C:\Users\42128\Desktop\SHU-HAND III(F767)\USER\Template.uvprojx
Project File Date:  11/24/2018

<h2>Output:</h2>
*** Using Compiler 'V5.06 update 1 (build 61)', folder: 'D:\caj\ARM\ARMCC\Bin'
Rebuild target 'Template'
assembling startup_stm32f767xx.s...
compiling delay.c...
compiling system_stm32f7xx.c...
compiling stm32f7xx_hal_msp.c...
compiling sys.c...
compiling stm32f7xx_hal.c...
compiling stm32f7xx_it.c...
compiling main.c...
main.c(118): warning:  #111-D: statement is unreachable
  	return 0;
main.c(30): warning:  #177-D: variable "i" was declared but never referenced
  	int i;
main.c(31): warning:  #177-D: variable "FLASH_SIZE" was declared but never referenced
  	u32 FLASH_SIZE;
main.c: 3 warnings, 0 errors
compiling stm32f7xx_hal_crc_ex.c...
compiling stm32f7xx_hal_cortex.c...
compiling stm32f7xx_hal_adc_ex.c...
compiling stm32f7xx_hal_can.c...
compiling stm32f7xx_hal_crc.c...
compiling stm32f7xx_hal_adc.c...
compiling stm32f7xx_hal_cec.c...
compiling stm32f7xx_hal_cryp_ex.c...
compiling stm32f7xx_hal_dcmi_ex.c...
compiling stm32f7xx_hal_dac_ex.c...
compiling stm32f7xx_hal_cryp.c...
compiling stm32f7xx_hal_dfsdm.c...
compiling stm32f7xx_hal_dac.c...
compiling stm32f7xx_hal_dcmi.c...
compiling stm32f7xx_hal_dsi.c...
compiling stm32f7xx_hal_dma2d.c...
compiling stm32f7xx_hal_flash_ex.c...
compiling stm32f7xx_hal_flash.c...
compiling stm32f7xx_hal_dma.c...
compiling stm32f7xx_hal_eth.c...
compiling stm32f7xx_hal_dma_ex.c...
compiling stm32f7xx_hal_hash_ex.c...
compiling stm32f7xx_hal_i2s.c...
compiling stm32f7xx_hal_gpio.c...
compiling stm32f7xx_hal_i2c_ex.c...
compiling stm32f7xx_hal_hash.c...
compiling stm32f7xx_hal_hcd.c...
compiling stm32f7xx_hal_i2c.c...
compiling stm32f7xx_hal_irda.c...
compiling stm32f7xx_hal_ltdc_ex.c...
compiling stm32f7xx_hal_iwdg.c...
compiling stm32f7xx_hal_mdios.c...
compiling stm32f7xx_hal_lptim.c...
compiling stm32f7xx_hal_jpeg.c...
compiling stm32f7xx_hal_ltdc.c...
compiling stm32f7xx_hal_nand.c...
compiling stm32f7xx_hal_qspi.c...
compiling stm32f7xx_hal_pcd_ex.c...
compiling stm32f7xx_hal_pwr_ex.c...
compiling stm32f7xx_hal_pwr.c...
compiling stm32f7xx_hal_pcd.c...
compiling stm32f7xx_hal_nor.c...
compiling stm32f7xx_hal_rcc.c...
compiling stm32f7xx_hal_rtc.c...
compiling stm32f7xx_hal_rtc_ex.c...
compiling stm32f7xx_hal_sai_ex.c...
compiling stm32f7xx_hal_rng.c...
compiling stm32f7xx_hal_sai.c...
compiling stm32f7xx_hal_rcc_ex.c...
compiling stm32f7xx_hal_sd.c...
compiling stm32f7xx_hal_smartcard_ex.c...
compiling stm32f7xx_hal_smartcard.c...
compiling stm32f7xx_hal_spdifrx.c...
compiling stm32f7xx_hal_sdram.c...
compiling stm32f7xx_hal_sram.c...
compiling stm32f7xx_hal_spi.c...
compiling stm32f7xx_hal_tim.c...
compiling stm32f7xx_hal_tim_ex.c...
compiling stm32f7xx_hal_wwdg.c...
compiling stm32f7xx_ll_fmc.c...
compiling stm32f7xx_hal_uart.c...
compiling stm32f7xx_hal_usart.c...
compiling stm32f7xx_ll_sdmmc.c...
compiling stm32f7xx_ll_usb.c...
compiling drv_motor.c...
compiling drv_timer.c...
compiling drv_encoder.c...
compiling drv_adc.c...
compiling drv_usart.c...
compiling drv_qspi.c...
compiling drv_flash.c...
compiling calculate_angle.c...
compiling transmit_protocol.c...
..\FUNCTION\src\transmit_protocol.c(15): warning:  #177-D: variable "Crc16Value" was declared but never referenced
      uint16_t  Crc16Value;
..\FUNCTION\src\transmit_protocol.c(85): warning:  #111-D: statement is unreachable
          break;
..\FUNCTION\src\transmit_protocol.c(4): warning:  #177-D: function "rev_pack_extract" was declared but never referenced
  static void rev_pack_extract(void);
..\FUNCTION\src\transmit_protocol.c: 3 warnings, 0 errors
compiling main_function.c...
..\FUNCTION\src\main_function.c(45): warning:  #177-D: variable "i_temp" was declared but never referenced
    uint8_t i_temp;
..\FUNCTION\src\main_function.c(65): warning:  #177-D: variable "i_temp" was declared but never referenced
    uint8_t i_temp;
..\FUNCTION\src\main_function.c(85): warning:  #177-D: variable "Fingersel" was declared but never referenced
  	FINGER_SELECT Fingersel;
..\FUNCTION\src\main_function.c(115): warning:  #188-D: enumerated type mixed with another type
  			protocol_uart_send_pc_msg(temp, 2 * FINGER_SEL_TOTAL - 1, pack_interface->pack_state);  //???Ãº??ý·????ý¾?
..\FUNCTION\src\main_function.c(124): warning:  #177-D: variable "i" was declared but never referenced
    int i =0;
..\FUNCTION\src\main_function.c(168): warning:  #177-D: variable "i" was declared but never referenced
    static int i = 0 , j = 0;
..\FUNCTION\src\main_function.c(168): warning:  #177-D: variable "j" was declared but never referenced
    static int i = 0 , j = 0;
..\FUNCTION\src\main_function.c(169): warning:  #177-D: variable "f_select" was declared but never referenced
    uint8_t f_select = 0;
..\FUNCTION\src\main_function.c(171): warning:  #177-D: variable "speed_record_time" was declared but never referenced
  	static unsigned long speed_record_time = 0;
..\FUNCTION\src\main_function.c(192): warning:  #177-D: variable "Fingersel" was declared but never referenced
      FINGER_SELECT Fingersel;
..\FUNCTION\src\main_function.c(13): warning:  #177-D: variable "posture_demo_value" was declared but never referenced
  static uint8_t  posture_demo_value[11][16] = {
..\FUNCTION\src\main_function.c(27): warning:  #177-D: variable "init_flag" was declared but never referenced
  static char init_flag = 0;
..\FUNCTION\src\main_function.c: 12 warnings, 0 errors
linking...
Program Size: Code=17078 RO-data=570 RW-data=564 ZI-data=245316  
FromELF: creating hex file...
"..\OBJ\Template.axf" - 0 Error(s), 18 Warning(s).

<h2>Collection of Component include folders:</h2>
  C:\Users\42128\Desktop\SHU-HAND III(F767)\USER\RTE
  D:\caj\ARM\PACK\Keil\STM32F7xx_DFP\2.10.0\Drivers\CMSIS\Device\ST\STM32F7xx\Include

<h2>Collection of Component Files used:</h2>
Build Time Elapsed:  00:01:05
</pre>
</body>
</html>
